// Jest Snapshot v1, https://goo.gl/fbAQLP

exports[`Storyshots Switch Default 1`] = `
<div
  className="MuiPaper-root MuiPaper-elevation MuiPaper-rounded MuiPaper-elevation1 MuiCard-root css-1hs79rk-MuiPaper-root-MuiCard-root"
>
  <button
    className="MuiButton-root MuiButton-text MuiButton-textPrimary MuiButton-sizeMedium MuiButton-textSizeMedium MuiButtonBase-root css-qzfj3p-MuiButtonBase-root-MuiButton-root"
    disabled={false}
    onBlur={[Function]}
    onClick={[Function]}
    onContextMenu={[Function]}
    onDragLeave={[Function]}
    onFocus={[Function]}
    onKeyDown={[Function]}
    onKeyUp={[Function]}
    onMouseDown={[Function]}
    onMouseLeave={[Function]}
    onMouseUp={[Function]}
    onTouchEnd={[Function]}
    onTouchMove={[Function]}
    onTouchStart={[Function]}
    tabIndex={0}
    type="button"
  >
    <div
      className="MuiBox-root css-79elbk"
    >
      <span
        aria-valuenow={100}
        className="MuiCircularProgress-root MuiCircularProgress-determinate MuiCircularProgress-colorPrimary css-nt50a2-MuiCircularProgress-root"
        role="progressbar"
        style={
          Object {
            "height": 40,
            "transform": "rotate(-90deg)",
            "width": 40,
          }
        }
      >
        <svg
          className="MuiCircularProgress-svg css-1idz92c-MuiCircularProgress-svg"
          viewBox="22 22 44 44"
        >
          <circle
            className="MuiCircularProgress-circle MuiCircularProgress-circleDeterminate css-oxts8u-MuiCircularProgress-circle"
            cx={44}
            cy={44}
            fill="none"
            r={20}
            strokeWidth={4}
            style={
              Object {
                "strokeDasharray": "125.664",
                "strokeDashoffset": "0.000px",
              }
            }
          />
        </svg>
      </span>
      <span
        className="MuiCircularProgress-root MuiCircularProgress-indeterminate MuiCircularProgress-colorPrimary css-cvhkgz-MuiCircularProgress-root"
        role="progressbar"
        style={
          Object {
            "height": 40,
            "width": 40,
          }
        }
      >
        <svg
          className="MuiCircularProgress-svg css-1idz92c-MuiCircularProgress-svg"
          viewBox="22 22 44 44"
        >
          <circle
            className="MuiCircularProgress-circle MuiCircularProgress-circleIndeterminate MuiCircularProgress-circleDisableShrink css-79nvmn-MuiCircularProgress-circle"
            cx={44}
            cy={44}
            fill="none"
            r={20}
            strokeWidth={4}
            style={Object {}}
          />
        </svg>
      </span>
    </div>
    <span
      className="MuiTouchRipple-root css-8je8zh-MuiTouchRipple-root"
    />
  </button>
  <h3
    className="MuiTypography-root MuiTypography-h3 css-1g3mzzc-MuiTypography-root"
  >
    kasunTest
  </h3>
  <div
    aria-label="Signal strength (undefined)"
    aria-labelledby={null}
    className="MuiBox-root css-70qvj9"
    data-mui-internal-clone-element={true}
    onBlur={[Function]}
    onFocus={[Function]}
    onMouseLeave={[Function]}
    onMouseOver={[Function]}
    onTouchEnd={[Function]}
    onTouchStart={[Function]}
  >
    <div
      className="MuiBox-root css-1bhivts"
    >
      <span
        aria-valuemax={100}
        aria-valuemin={0}
        aria-valuenow={NaN}
        className="MuiLinearProgress-root MuiLinearProgress-colorPrimary MuiLinearProgress-determinate css-1l6rwmg-MuiLinearProgress-root"
        role="progressbar"
      >
        <span
          className="MuiLinearProgress-bar MuiLinearProgress-barColorPrimary MuiLinearProgress-bar1Determinate css-5xe99f-MuiLinearProgress-bar1"
          style={
            Object {
              "transform": "translateX(NaN%)",
            }
          }
        />
      </span>
    </div>
    <div
      className="MuiBox-root css-pazuet"
    >
      <p
        className="MuiTypography-root MuiTypography-body2 css-r40f8v-MuiTypography-root"
      >
        NaN%
      </p>
    </div>
  </div>
  <h6
    className="MuiTypography-root MuiTypography-subtitle2 css-imynep-MuiTypography-root"
  >
    Startup: 
  </h6>
  <h6
    className="MuiTypography-root MuiTypography-subtitle2 css-imynep-MuiTypography-root"
  >
    Device ID: 
  </h6>
  <h6
    className="MuiTypography-root MuiTypography-subtitle2 css-imynep-MuiTypography-root"
  >
    Puls: 
  </h6>
  <h6
    className="MuiTypography-root MuiTypography-subtitle2 css-imynep-MuiTypography-root"
  >
    switch: 
  </h6>
  <button
    className="MuiLoadingButton-root MuiLoadingButton-loading MuiButton-root MuiButton-contained MuiButton-containedPrimary MuiButton-sizeLarge MuiButton-containedSizeLarge MuiButton-fullWidth MuiButtonBase-root Mui-disabled css-sppx0e-MuiButtonBase-root-MuiButton-root-MuiLoadingButton-root"
    disabled={true}
    onBlur={[Function]}
    onClick={[Function]}
    onContextMenu={[Function]}
    onDragLeave={[Function]}
    onFocus={[Function]}
    onKeyDown={[Function]}
    onKeyUp={[Function]}
    onMouseDown={[Function]}
    onMouseLeave={[Function]}
    onMouseUp={[Function]}
    onTouchEnd={[Function]}
    onTouchMove={[Function]}
    onTouchStart={[Function]}
    tabIndex={-1}
    type="submit"
  >
    <div
      className="MuiLoadingButton-loadingIndicator MuiLoadingButton-loadingIndicatorCenter css-1yt7yx7-MuiLoadingButton-loadingIndicator"
    >
      <span
        className="MuiCircularProgress-root MuiCircularProgress-indeterminate MuiCircularProgress-colorInherit css-62e83j-MuiCircularProgress-root"
        role="progressbar"
        style={
          Object {
            "height": 16,
            "width": 16,
          }
        }
      >
        <svg
          className="MuiCircularProgress-svg css-1idz92c-MuiCircularProgress-svg"
          viewBox="22 22 44 44"
        >
          <circle
            className="MuiCircularProgress-circle MuiCircularProgress-circleIndeterminate css-176wh8e-MuiCircularProgress-circle"
            cx={44}
            cy={44}
            fill="none"
            r={20.2}
            strokeWidth={3.6}
            style={Object {}}
          />
        </svg>
      </span>
    </div>
    Off
  </button>
</div>
`;
